// Jest Snapshot v1, https://goo.gl/fbAQLP

exports[`should render the gesrbook 1`] = `
<div>
  <form>
    <h2>
      Please Sign the Guestbook
    </h2>
    <label
      for="guestEntry"
    >
      Guest Entry
    </label>
    <textarea
      id="guestEntry"
      placeholder="Your Entry..."
    />
    <button
      type="submit"
    >
      Sign
    </button>
    
  </form>
</div>
`;
